
> threadpeak-ux-ui@2.0.0 build
> tsc -b && vite build

vite v8.2.2 building client environment for production...
transforming...
✓ 843 modules transformed.
rendering chunks...
computing gzip size...
dist/index.html                                                  0.85 kB │ gzip:   0.52 kB
dist/assets/KaTeX_Size3-Regular-CTq5MqoE.woff                    4.42 kB
dist/assets/KaTeX_Size4-Regular-Dl5lxZxV.woff2                   4.92 kB
dist/assets/KaTeX_Size2-Regular-Dy4dx90m.woff2                   5.20 kB
dist/assets/KaTeX_Size1-Regular-mCD8mA8B.woff2                   5.46 kB
dist/assets/KaTeX_Size4-Regular-BF-4gkZK.woff                    5.98 kB
dist/assets/KaTeX_Size2-Regular-oD1tc_U0.woff                    6.18 kB
dist/assets/KaTeX_Size1-Regular-C195tn64.woff                    6.49 kB
dist/assets/KaTeX_Caligraphic-Regular-Di6jR-x-.woff2             6.90 kB
dist/assets/KaTeX_Caligraphic-Bold-Dq_IR9rO.woff2                6.91 kB
dist/assets/KaTeX_Size3-Regular-DgpXs0kz.ttf                     7.58 kB
dist/assets/KaTeX_Caligraphic-Regular-CTRA-rTL.woff              7.65 kB
dist/assets/KaTeX_Caligraphic-Bold-BEiXGLvX.woff                 7.71 kB
dist/assets/KaTeX_Script-Regular-D3wIWfF6.woff2                  9.64 kB
dist/assets/KaTeX_SansSerif-Regular-DDBCnlJ7.woff2              10.34 kB
dist/assets/KaTeX_Size4-Regular-DWFBv043.ttf                    10.36 kB
dist/assets/KaTeX_Script-Regular-D5yQViql.woff                  10.58 kB
dist/assets/KaTeX_Fraktur-Regular-CTYiF6lA.woff2                11.31 kB
dist/assets/KaTeX_Fraktur-Bold-CL6g_b3V.woff2                   11.34 kB
dist/assets/KaTeX_Size2-Regular-B7gKUWhC.ttf                    11.50 kB
dist/assets/KaTeX_SansSerif-Italic-C3H0VqGB.woff2               12.02 kB
dist/assets/KaTeX_SansSerif-Bold-D1sUS0GD.woff2                 12.21 kB
dist/assets/KaTeX_Size1-Regular-Dbsnue_I.ttf                    12.22 kB
dist/assets/KaTeX_SansSerif-Regular-CS6fqUqJ.woff               12.31 kB
dist/assets/KaTeX_Caligraphic-Regular-wX97UBjC.ttf              12.34 kB
dist/assets/KaTeX_Caligraphic-Bold-ATXxdsX0.ttf                 12.36 kB
dist/assets/KaTeX_Fraktur-Regular-Dxdc4cR9.woff                 13.20 kB
dist/assets/KaTeX_Fraktur-Bold-BsDP51OF.woff                    13.29 kB
dist/assets/KaTeX_Typewriter-Regular-CO6r4hn1.woff2             13.56 kB
dist/assets/KaTeX_SansSerif-Italic-DN2j7dab.woff                14.11 kB
dist/assets/KaTeX_SansSerif-Bold-DbIhKOiC.woff                  14.40 kB
dist/assets/KaTeX_Typewriter-Regular-C0xS9mPB.woff              16.02 kB
dist/assets/KaTeX_Math-BoldItalic-CZnvNsCZ.woff2                16.40 kB
dist/assets/KaTeX_Math-Italic-t53AETM-.woff2                    16.44 kB
dist/assets/KaTeX_Script-Regular-C5JkGWo-.ttf                   16.64 kB
dist/assets/KaTeX_Main-BoldItalic-DxDJ3AOS.woff2                16.78 kB
dist/assets/KaTeX_Main-Italic-NWA7e6Wa.woff2                    16.98 kB
dist/assets/KaTeX_Math-BoldItalic-iY-2wyZ7.woff                 18.66 kB
dist/assets/KaTeX_Math-Italic-DA0__PXp.woff                     18.74 kB
dist/assets/KaTeX_Main-BoldItalic-SpSLRI95.woff                 19.41 kB
dist/assets/KaTeX_SansSerif-Regular-BNo7hRIc.ttf                19.43 kB
dist/assets/KaTeX_Fraktur-Regular-CB_wures.ttf                  19.57 kB
dist/assets/KaTeX_Fraktur-Bold-BdnERNNW.ttf                     19.58 kB
dist/assets/KaTeX_Main-Italic-BMLOBm91.woff                     19.67 kB
dist/assets/KaTeX_SansSerif-Italic-YYjJ1zSn.ttf                 22.36 kB
dist/assets/KaTeX_SansSerif-Bold-CFMepnvq.ttf                   24.50 kB
dist/assets/KaTeX_Main-Bold-Cx986IdX.woff2                      25.32 kB
dist/assets/KaTeX_Main-Regular-B22Nviop.woff2                   26.27 kB
dist/assets/KaTeX_Typewriter-Regular-D3Ib7_Hf.ttf               27.55 kB
dist/assets/KaTeX_AMS-Regular-BQhdFMY1.woff2                    28.07 kB
dist/assets/KaTeX_Main-Bold-Jm3AIy58.woff                       29.91 kB
dist/assets/KaTeX_Main-Regular-Dr94JaBh.woff                    30.77 kB
dist/assets/KaTeX_Math-BoldItalic-B3XSjfu4.ttf                  31.19 kB
dist/assets/KaTeX_Math-Italic-flOr_0UB.ttf                      31.30 kB
dist/assets/KaTeX_Main-BoldItalic-DzxPMmG6.ttf                  32.96 kB
dist/assets/KaTeX_AMS-Regular-DMm9YOAa.woff                     33.51 kB
dist/assets/KaTeX_Main-Italic-3WenGoN9.ttf                      33.58 kB
dist/assets/liu-kanshan-idle-B5Z2JhLo.glb                       44.60 kB
dist/assets/KaTeX_Main-Bold-waoOVXN0.ttf                        51.33 kB
dist/assets/KaTeX_Main-Regular-ypZvNtVU.ttf                     53.58 kB
dist/assets/KaTeX_AMS-Regular-DRggAlZN.ttf                      63.63 kB
dist/assets/liu-kanshan-run-stop-CQPEaHMb.glb                  203.96 kB
dist/assets/liu-kanshan-turn-BWWRKy2h.glb                      203.98 kB
dist/assets/liu-kanshan-run-DwvBkp1j.glb                       908.90 kB
dist/assets/Collections-B6lUUhfZ.css                             0.48 kB │ gzip:   0.25 kB
dist/assets/SourceComments-Cq4hyjoy.css                          0.59 kB │ gzip:   0.31 kB
dist/assets/MarkdownMath-CLROJm79.css                            1.62 kB │ gzip:   0.63 kB
dist/assets/Composer-DEAKeXj5.css                                2.11 kB │ gzip:   0.77 kB
dist/assets/ProcessTrace-B4SBjFFA.css                            2.48 kB │ gzip:   1.08 kB
dist/assets/EmptyStatus-DNEa5wjg.css                             3.11 kB │ gzip:   0.94 kB
dist/assets/PeakTabs-CYA7JqRz.css                                6.71 kB │ gzip:   1.73 kB
dist/assets/Home-DxgYIWVq.css                                    7.52 kB │ gzip:   2.16 kB
dist/assets/Authors-D4fEgckO.css                                39.26 kB │ gzip:   8.45 kB
dist/assets/ExampleWorkspace-Crx6Gu5O.css                       49.30 kB │ gzip:  10.97 kB
dist/assets/main-DP-EWhSP.css                                  166.69 kB │ gzip:  35.47 kB
dist/assets/prepareLearningPathCharacter-Bvm1PXv0-CqmUNeOX.js    0.39 kB │ gzip:   0.27 kB
dist/assets/NotFound-J7XNOYk0.js                                 0.66 kB │ gzip:   0.47 kB
dist/assets/EmptyStatus-rAg15Lsw.js                              0.70 kB │ gzip:   0.38 kB
dist/assets/Session-DTY99qWo.js                                  0.88 kB │ gzip:   0.52 kB
dist/assets/use-library-selector-_Gxgbwxp.js                     2.62 kB │ gzip:   1.19 kB
dist/assets/ProcessTrace-C9Q2uI7d.js                             3.00 kB │ gzip:   1.26 kB
dist/assets/PeakTabs-kMmFHZd4.js                                 3.15 kB │ gzip:   1.24 kB
dist/assets/learning-thinking-B0ZcH6V8.js                        3.16 kB │ gzip:   1.48 kB
dist/assets/SourceComments-CH1TA_6h.js                           3.40 kB │ gzip:   1.69 kB
dist/assets/AuthLanding-DuWOq26s.js                              3.69 kB │ gzip:   1.73 kB
dist/assets/Settings-BCY7Nob8.js                                 3.86 kB │ gzip:   1.63 kB
dist/assets/atoms-Dg-IjaFo.js                                    5.23 kB │ gzip:   1.83 kB
dist/assets/Composer-DPwZO_HP.js                                 6.75 kB │ gzip:   2.84 kB
dist/assets/Collections-DtRFNA1g.js                             11.92 kB │ gzip:   4.51 kB
dist/assets/Chat-De3245vJ.js                                    16.67 kB │ gzip:   5.92 kB
dist/assets/ExampleWorkspace-CBfKRRpj.js                        63.08 kB │ gzip:  20.27 kB
dist/assets/client-RBiP5dA4.js                                  75.02 kB │ gzip:  19.99 kB
dist/assets/Home-vWMk8VTV.js                                   147.17 kB │ gzip:  52.58 kB
dist/assets/Authors-DT2c1Ow_.js                                187.90 kB │ gzip:  62.95 kB
dist/assets/LearningPathSession-WoZaqSLh-CsIh3_9H.js           253.96 kB │ gzip:  66.63 kB
dist/assets/path-3d-stage-CoF48nj6.js                          363.86 kB │ gzip:  89.63 kB
dist/assets/main-C2Txh-tB.js                                   375.23 kB │ gzip: 135.43 kB
dist/assets/MarkdownMath-CEW4tgq6.js                           440.64 kB │ gzip: 133.83 kB
dist/assets/CharacterRig-BpJUYaY6-DaAfz0Ad.js                  704.11 kB │ gzip: 181.73 kB

✓ built in 288ms
[plugin builtin:vite-reporter]
(!) Some chunks are larger than 500 kB after minification. Consider:
- Using dynamic import() to code-split the application
- Use build.rolldownOptions.output.codeSplitting to improve chunking: https://rolldown.rs/reference/OutputOptions.codeSplitting
- Adjust chunk size limit for this warning via build.chunkSizeWarningLimit.
