✔ author overview lists all articles across concepts and keeps reading and destination actions contextual (234.121042ms)
✔ math recovery: standard inline (11.257583ms)
✔ math recovery: display (4.047167ms)
✔ math recovery: bracket display (2.295875ms)
✔ math recovery: bracket inline (0.654208ms)
✔ math recovery: missing delimiters (1.2535ms)
✔ math recovery: missing close (0.615625ms)
✔ math recovery: double escaped (0.794083ms)
✔ math recovery: unicode slash (0.816459ms)
✔ math recovery: html slash (0.830875ms)
✔ math recovery: encoded latex (1.020375ms)
✔ math recovery: nested groups (0.502709ms)
✔ math recovery: matrix without delimiters (2.300834ms)
✔ math recovery: matrix with delimiters (0.993625ms)
✔ math recovery: aligned (0.870042ms)
✔ math recovery: Chinese text in formula (1.242291ms)
✔ math recovery: math fence (1.177042ms)
✔ math recovery: missing group close (0.514209ms)
✔ math recovery: missing size pair (0.740291ms)
✔ math recovery: JSON control escape (0.44825ms)
✔ math recovery: English prose (0.317708ms)
✔ code, links, paths and currency are not interpreted as formulas (2.636917ms)
✔ unsupported or missing operands retain source and cannot execute HTML (1.302375ms)
✔ recovering encoding keeps matrix row breaks and never invents missing operands (0.117084ms)
✔ actual Markdown AST agrees with normalization and matrices cannot swallow following prose (19.218167ms)
✔ an inline coordinate equation keeps its left hand side, equals and matrix together (1.457125ms)
✔ a matrix accidentally delimited as display after an equals rejoins its equation; standalone aligned math stays display (0.713958ms)
✔ Zhihu numbered arrays and matrix products keep their outer delimiters and tags (2.716542ms)
✔ an upstream summary with missing equations is preserved without invented math (0.969417ms)
✔ HTML equation images recover alt, data-eeimg, entities and encoded equation URLs (4.3775ms)
✔ an HTML matrix image remains in the same inline equation as its left hand side (0.580334ms)
✔ strict image URL validation rejects privileged schemes, local targets and URL ambiguity (0.184084ms)
✔ ordinary images, reference-style images, nested URLs and reference links keep their content (1.926666ms)
✔ HTML images in Markdown code and HTML code remain literal, with no math or image request (2.552667ms)
✔ inert HTML containers and image attributes cannot become active markup or image requests (3.553292ms)
✔ actual MarkdownMath SSR renders recovered equations, original images and untouched source links (178.5685ms)
✔ actual SSR shows unsafe/missing image fallback and retains an unsupported formula image (2.578ms)
✔ actual SSR keeps code escaped, drops scripts and ignores hostile alt markup and handlers (2.826125ms)
✔ passive card rendering still shows equations and images while keeping source links passive (2.147792ms)
✔ a diagram caption mentioning math does not replace the diagram with its alt text (3.295084ms)
✔ lazy HTML image URLs, unquoted metadata and quoted greater-than signs remain correctly bound (1.403834ms)
✔ source-excerpt detection recognizes two observed operand-gap patterns without changing source (1.583083ms)
✔ ordinary prose, complete operands and ordinary spacing do not imply missing source formulas (0.328666ms)
✔ code, HTML metadata, math, images and links cannot fabricate an excerpt gap (1.04675ms)
✔ actual MarkdownMath SSR displays the neutral hint only when the raw-excerpt prop is enabled (2.583417ms)
✔ enabling sourceExcerpt does not show a notice for intact math or code examples (2.433458ms)
✔ observed Zhihu qquad omissions keep both matrices and the kernel expression intact (1.551333ms)
✔ known quad spacing in a connected math expression is recovered, with valid commands unchanged (1.462291ms)
✔ spacing recovery never rewrites ordinary words, source links, code or literal math text (2.209709ms)
✔ actual SSR has no visible qquad artifacts and no false missing-excerpt notice for these complete equations (3.262708ms)
✔ observed unfenced NumPy arrays remain complete code, including indentation and comments (3.430208ms)
✔ code restoration protects existing fences and does not swallow prose after a truncated array (1.215125ms)
✔ missing-math detection covers observed blank definitions and matrix laws without false positives on intact sources (0.329083ms)
✔ actual GFM tables retain determinant, norm, conditional and array-border formulas in their own cells (5.799667ms)
✔ NumPy block assignments and print calls stay code after comments and blank lines (3.598208ms)
✔ reading corpus literal-separators: 递归分块的程序转义不误判为公式 (1.34425ms)
✔ reading corpus cpp-sse: C++ SIMD 类型和下划线函数保留为完整代码 (2.882583ms)
✔ reading corpus cpp-brace-next-line: C++ 花括号另起一行 (1.052042ms)
✔ reading corpus cpp-std: 模板类型与循环不是 LaTeX (1.108292ms)
✔ reading corpus cpp-math-prose: C++ 之后的数学与正文独立阅读 (1.57875ms)
✔ reading corpus python-flat: 无围栏：同层列表推导 (0.831541ms)
✔ reading corpus python-multiline: 多行推导式起始括号 (1.82075ms)
✔ reading corpus program-name: 正文中程序名不变成数学下标 (1.226083ms)
✔ reading corpus python-nested: 无围栏：多层列表推导 (0.909709ms)
✔ reading corpus python-zero: 哑变量、下划线和注释 (0.969666ms)
✔ reading corpus python-transpose: 转置代码保留空格与索引 (0.825083ms)
✔ reading corpus source-code-typo: 原摘要中的程序缺项不能擅自改写 (0.82075ms)
✔ reading corpus python-wrong-math: 错误数学定界符中的完整代码 (1.090958ms)
✔ reading corpus numpy-lines: NumPy 多行数组 (1.216625ms)
✔ reading corpus python-prose: 代码与解释、数学分别呈现 (1.566834ms)
✔ reading corpus existing-code: 已有围栏和缩进原样保留 (0.752375ms)
✔ reading corpus inline-code: 行内代码不做数学解释 (1.144125ms)
✔ reading corpus javascript: JavaScript 赋值与回调 (0.765375ms)
✔ reading corpus algebra: 普通代数赋值仍是数学 (0.778041ms)
✔ reading corpus inline-matrix: 等号与矩阵是同一个公式 (1.469459ms)
✔ reading corpus wide-matrix: 超宽完整等式仍为一个公式容器 (2.127917ms)
✔ reading corpus matrix-json: HTML 编码的公式 (0.717666ms)
✔ reading corpus math-fence: 显式数学围栏 (1.035667ms)
✔ reading corpus table-bars: 表格中的行列式与范数 (1.522917ms)
✔ reading corpus image-latex: 公式图片里的真实 LaTeX (0.886542ms)
✔ reading corpus image-unavailable: 只有图片链接，保留占位与替代文字 (1.280709ms)
✔ reading corpus lost-definition: 原摘要：定义的操作数已丢失 (0.899209ms)
✔ reading corpus lost-dots: 原摘要：公式列表剩下分隔符 (3.516458ms)
✔ reading corpus lost-list-lines: 原摘要：空列表换行变体 (2.082875ms)
✔ reading corpus lost-laws: 原摘要：运算律只剩标签 (1.071792ms)
✔ reading corpus lost-dimensions: 原摘要：矩阵维度消失 (0.676ms)
✔ reading corpus intact-law: 完整运算律不能误报缺失 (0.905042ms)
✔ reading corpus unresolved-macro: 未知命令保留原式 (0.785666ms)
✔ reading corpus unclosed-array: 截断代码不能吞掉后续中文 (1.809208ms)
✔ reading corpus currency-links: 金额、链接与路径不是公式 (1.134584ms)
ℹ tests 90
ℹ suites 0
ℹ pass 90
ℹ fail 0
ℹ cancelled 0
ℹ skipped 0
ℹ todo 0
ℹ duration_ms 494.712916
