
> threadpeak-ux-ui@2.0.0 build
> tsc -b && vite build

vite v8.2.2 building client environment for production...
transforming...
✓ 866 modules transformed.
rendering chunks...
computing gzip size...
dist/index.html                                                  1.48 kB │ gzip:   0.78 kB
dist/assets/KaTeX_Size3-Regular-CTq5MqoE.woff                    4.42 kB
dist/assets/KaTeX_Size4-Regular-Dl5lxZxV.woff2                   4.92 kB
dist/assets/KaTeX_Size2-Regular-Dy4dx90m.woff2                   5.20 kB
dist/assets/KaTeX_Size1-Regular-mCD8mA8B.woff2                   5.46 kB
dist/assets/KaTeX_Size4-Regular-BF-4gkZK.woff                    5.98 kB
dist/assets/KaTeX_Size2-Regular-oD1tc_U0.woff                    6.18 kB
dist/assets/KaTeX_Size1-Regular-C195tn64.woff                    6.49 kB
dist/assets/KaTeX_Caligraphic-Regular-Di6jR-x-.woff2             6.90 kB
dist/assets/KaTeX_Caligraphic-Bold-Dq_IR9rO.woff2                6.91 kB
dist/assets/KaTeX_Size3-Regular-DgpXs0kz.ttf                     7.58 kB
dist/assets/KaTeX_Caligraphic-Regular-CTRA-rTL.woff              7.65 kB
dist/assets/KaTeX_Caligraphic-Bold-BEiXGLvX.woff                 7.71 kB
dist/assets/KaTeX_Script-Regular-D3wIWfF6.woff2                  9.64 kB
dist/assets/KaTeX_SansSerif-Regular-DDBCnlJ7.woff2              10.34 kB
dist/assets/KaTeX_Size4-Regular-DWFBv043.ttf                    10.36 kB
dist/assets/KaTeX_Script-Regular-D5yQViql.woff                  10.58 kB
dist/assets/KaTeX_Fraktur-Regular-CTYiF6lA.woff2                11.31 kB
dist/assets/KaTeX_Fraktur-Bold-CL6g_b3V.woff2                   11.34 kB
dist/assets/KaTeX_Size2-Regular-B7gKUWhC.ttf                    11.50 kB
dist/assets/KaTeX_SansSerif-Italic-C3H0VqGB.woff2               12.02 kB
dist/assets/KaTeX_SansSerif-Bold-D1sUS0GD.woff2                 12.21 kB
dist/assets/KaTeX_Size1-Regular-Dbsnue_I.ttf                    12.22 kB
dist/assets/KaTeX_SansSerif-Regular-CS6fqUqJ.woff               12.31 kB
dist/assets/KaTeX_Caligraphic-Regular-wX97UBjC.ttf              12.34 kB
dist/assets/KaTeX_Caligraphic-Bold-ATXxdsX0.ttf                 12.36 kB
dist/assets/KaTeX_Fraktur-Regular-Dxdc4cR9.woff                 13.20 kB
dist/assets/KaTeX_Fraktur-Bold-BsDP51OF.woff                    13.29 kB
dist/assets/KaTeX_Typewriter-Regular-CO6r4hn1.woff2             13.56 kB
dist/assets/KaTeX_SansSerif-Italic-DN2j7dab.woff                14.11 kB
dist/assets/KaTeX_SansSerif-Bold-DbIhKOiC.woff                  14.40 kB
dist/assets/KaTeX_Typewriter-Regular-C0xS9mPB.woff              16.02 kB
dist/assets/KaTeX_Math-BoldItalic-CZnvNsCZ.woff2                16.40 kB
dist/assets/KaTeX_Math-Italic-t53AETM-.woff2                    16.44 kB
dist/assets/KaTeX_Script-Regular-C5JkGWo-.ttf                   16.64 kB
dist/assets/KaTeX_Main-BoldItalic-DxDJ3AOS.woff2                16.78 kB
dist/assets/KaTeX_Main-Italic-NWA7e6Wa.woff2                    16.98 kB
dist/assets/KaTeX_Math-BoldItalic-iY-2wyZ7.woff                 18.66 kB
dist/assets/KaTeX_Math-Italic-DA0__PXp.woff                     18.74 kB
dist/assets/KaTeX_Main-BoldItalic-SpSLRI95.woff                 19.41 kB
dist/assets/KaTeX_SansSerif-Regular-BNo7hRIc.ttf                19.43 kB
dist/assets/KaTeX_Fraktur-Regular-CB_wures.ttf                  19.57 kB
dist/assets/KaTeX_Fraktur-Bold-BdnERNNW.ttf                     19.58 kB
dist/assets/KaTeX_Main-Italic-BMLOBm91.woff                     19.67 kB
dist/assets/KaTeX_SansSerif-Italic-YYjJ1zSn.ttf                 22.36 kB
dist/assets/KaTeX_SansSerif-Bold-CFMepnvq.ttf                   24.50 kB
dist/assets/KaTeX_Main-Bold-Cx986IdX.woff2                      25.32 kB
dist/assets/KaTeX_Main-Regular-B22Nviop.woff2                   26.27 kB
dist/assets/KaTeX_Typewriter-Regular-D3Ib7_Hf.ttf               27.55 kB
dist/assets/KaTeX_AMS-Regular-BQhdFMY1.woff2                    28.07 kB
dist/assets/KaTeX_Main-Bold-Jm3AIy58.woff                       29.91 kB
dist/assets/KaTeX_Main-Regular-Dr94JaBh.woff                    30.77 kB
dist/assets/KaTeX_Math-BoldItalic-B3XSjfu4.ttf                  31.19 kB
dist/assets/KaTeX_Math-Italic-flOr_0UB.ttf                      31.30 kB
dist/assets/KaTeX_Main-BoldItalic-DzxPMmG6.ttf                  32.96 kB
dist/assets/KaTeX_AMS-Regular-DMm9YOAa.woff                     33.51 kB
dist/assets/KaTeX_Main-Italic-3WenGoN9.ttf                      33.58 kB
dist/assets/liu-kanshan-idle-B5Z2JhLo.glb                       44.60 kB
dist/assets/KaTeX_Main-Bold-waoOVXN0.ttf                        51.33 kB
dist/assets/KaTeX_Main-Regular-ypZvNtVU.ttf                     53.58 kB
dist/assets/KaTeX_AMS-Regular-DRggAlZN.ttf                      63.63 kB
dist/assets/liu-kanshan-run-stop-CQPEaHMb.glb                  203.96 kB
dist/assets/liu-kanshan-turn-BWWRKy2h.glb                      203.98 kB
dist/assets/liu-kanshan-run-DwvBkp1j.glb                       908.90 kB
dist/assets/path-3d-stage-DMz66pq-.css                           0.38 kB │ gzip:   0.23 kB
dist/assets/SourceComments-DE0tQBYn.css                          0.64 kB │ gzip:   0.32 kB
dist/assets/PeakTabs-CTdb15o5.css                                0.93 kB │ gzip:   0.47 kB
dist/assets/MarkdownMath-C59IzmA0.css                            1.87 kB │ gzip:   0.63 kB
dist/assets/ProcessTrace-Bdg9mqJL.css                            2.34 kB │ gzip:   0.94 kB
dist/assets/Composer-D7J2Fqwb.css                                2.43 kB │ gzip:   0.79 kB
dist/assets/EmptyStatus-Cxpf4Qzg.css                             2.91 kB │ gzip:   0.87 kB
dist/assets/Coverflow-GMkIEiOW.css                               4.36 kB │ gzip:   1.37 kB
dist/assets/Home-CpuenQLK.css                                    9.55 kB │ gzip:   2.30 kB
dist/assets/Collections-5aQezz7s.css                            14.25 kB │ gzip:   3.69 kB
dist/assets/Authors-BMzROQNl.css                                36.75 kB │ gzip:   6.94 kB
dist/assets/ExampleWorkspace-D10MT7GV.css                       51.56 kB │ gzip:   9.34 kB
dist/assets/main-DwSCKZWh.css                                  114.78 kB │ gzip:  24.62 kB
dist/assets/prepareLearningPathCharacter-Bvm1PXv0-CqmUNeOX.js    0.39 kB │ gzip:   0.27 kB
dist/assets/PeakTabs-Du7QzxZi.js                                 0.52 kB │ gzip:   0.36 kB
dist/assets/NotFound-DatgR1Id.js                                 0.68 kB │ gzip:   0.48 kB
dist/assets/EmptyStatus-D4Sub2YD.js                              0.86 kB │ gzip:   0.46 kB
dist/assets/Session-CNA6X3Oc.js                                  0.88 kB │ gzip:   0.52 kB
dist/assets/ProcessTrace-07zM9GY2.js                             3.00 kB │ gzip:   1.26 kB
dist/assets/covers-CHAMsw8g.js                                   3.04 kB │ gzip:   1.45 kB
dist/assets/learning-thinking-B0ZcH6V8.js                        3.16 kB │ gzip:   1.48 kB
dist/assets/SourceComments-UkR9FRYx.js                           3.45 kB │ gzip:   1.72 kB
dist/assets/AuthLanding-BVXAcQXk.js                              3.69 kB │ gzip:   1.73 kB
dist/assets/Settings-D3nythLY.js                                 4.21 kB │ gzip:   1.80 kB
dist/assets/atoms-Dg-IjaFo.js                                    5.23 kB │ gzip:   1.83 kB
dist/assets/Composer-yAPN_mOo.js                                 6.79 kB │ gzip:   2.86 kB
dist/assets/Chat-CWnQE2b0.js                                    16.67 kB │ gzip:   5.91 kB
dist/assets/Collections-DFK3w1YE.js                             29.19 kB │ gzip:   9.92 kB
dist/assets/Authors-rPXifxNS.js                                 60.99 kB │ gzip:  21.07 kB
dist/assets/ExampleWorkspace-CLAeCIw0.js                        65.05 kB │ gzip:  20.96 kB
dist/assets/client-RBiP5dA4.js                                  75.02 kB │ gzip:  19.99 kB
dist/assets/Coverflow-CRnszPhp.js                              135.21 kB │ gzip:  44.67 kB
dist/assets/Home-BhMPvS9D.js                                   151.11 kB │ gzip:  54.20 kB
dist/assets/LearningPathSession-Cl847s7Y-C1Zln7sA.js           254.11 kB │ gzip:  66.67 kB
dist/assets/path-3d-stage-CVu2WgZS.js                          364.23 kB │ gzip:  89.83 kB
dist/assets/main-iSpUiBN7.js                                   378.49 kB │ gzip: 136.52 kB
dist/assets/MarkdownMath-BwctJEvO.js                           440.67 kB │ gzip: 133.85 kB
dist/assets/shelf-scene-CT3j9cFv.js                            533.37 kB │ gzip: 134.89 kB
dist/assets/CharacterRig-BpJUYaY6-DaAfz0Ad.js                  704.11 kB │ gzip: 181.73 kB

✓ built in 301ms
[plugin builtin:vite-reporter] 
(!) Some chunks are larger than 500 kB after minification. Consider:
- Using dynamic import() to code-split the application
- Use build.rolldownOptions.output.codeSplitting to improve chunking: https://rolldown.rs/reference/OutputOptions.codeSplitting
- Adjust chunk size limit for this warning via build.chunkSizeWarningLimit.
