
> threadpeak-ux-ui@2.0.0 build
> tsc -b && vite build

vite v8.2.2 building client environment for production...
transforming...
✓ 883 modules transformed.
rendering chunks...
computing gzip size...
dist/index.html                                                    1.49 kB │ gzip:   0.78 kB
dist/assets/KaTeX_Size3-Regular-CTq5MqoE.woff                      4.42 kB
dist/assets/KaTeX_Size4-Regular-Dl5lxZxV.woff2                     4.92 kB
dist/assets/KaTeX_Size2-Regular-Dy4dx90m.woff2                     5.20 kB
dist/assets/KaTeX_Size1-Regular-mCD8mA8B.woff2                     5.46 kB
dist/assets/KaTeX_Size4-Regular-BF-4gkZK.woff                      5.98 kB
dist/assets/KaTeX_Size2-Regular-oD1tc_U0.woff                      6.18 kB
dist/assets/KaTeX_Size1-Regular-C195tn64.woff                      6.49 kB
dist/assets/KaTeX_Caligraphic-Regular-Di6jR-x-.woff2               6.90 kB
dist/assets/KaTeX_Caligraphic-Bold-Dq_IR9rO.woff2                  6.91 kB
dist/assets/KaTeX_Size3-Regular-DgpXs0kz.ttf                       7.58 kB
dist/assets/KaTeX_Caligraphic-Regular-CTRA-rTL.woff                7.65 kB
dist/assets/KaTeX_Caligraphic-Bold-BEiXGLvX.woff                   7.71 kB
dist/assets/KaTeX_Script-Regular-D3wIWfF6.woff2                    9.64 kB
dist/assets/KaTeX_SansSerif-Regular-DDBCnlJ7.woff2                10.34 kB
dist/assets/KaTeX_Size4-Regular-DWFBv043.ttf                      10.36 kB
dist/assets/KaTeX_Script-Regular-D5yQViql.woff                    10.58 kB
dist/assets/KaTeX_Fraktur-Regular-CTYiF6lA.woff2                  11.31 kB
dist/assets/KaTeX_Fraktur-Bold-CL6g_b3V.woff2                     11.34 kB
dist/assets/KaTeX_Size2-Regular-B7gKUWhC.ttf                      11.50 kB
dist/assets/KaTeX_SansSerif-Italic-C3H0VqGB.woff2                 12.02 kB
dist/assets/KaTeX_SansSerif-Bold-D1sUS0GD.woff2                   12.21 kB
dist/assets/KaTeX_Size1-Regular-Dbsnue_I.ttf                      12.22 kB
dist/assets/KaTeX_SansSerif-Regular-CS6fqUqJ.woff                 12.31 kB
dist/assets/KaTeX_Caligraphic-Regular-wX97UBjC.ttf                12.34 kB
dist/assets/KaTeX_Caligraphic-Bold-ATXxdsX0.ttf                   12.36 kB
dist/assets/KaTeX_Fraktur-Regular-Dxdc4cR9.woff                   13.20 kB
dist/assets/KaTeX_Fraktur-Bold-BsDP51OF.woff                      13.29 kB
dist/assets/KaTeX_Typewriter-Regular-CO6r4hn1.woff2               13.56 kB
dist/assets/KaTeX_SansSerif-Italic-DN2j7dab.woff                  14.11 kB
dist/assets/KaTeX_SansSerif-Bold-DbIhKOiC.woff                    14.40 kB
dist/assets/KaTeX_Typewriter-Regular-C0xS9mPB.woff                16.02 kB
dist/assets/KaTeX_Math-BoldItalic-CZnvNsCZ.woff2                  16.40 kB
dist/assets/KaTeX_Math-Italic-t53AETM-.woff2                      16.44 kB
dist/assets/KaTeX_Script-Regular-C5JkGWo-.ttf                     16.64 kB
dist/assets/KaTeX_Main-BoldItalic-DxDJ3AOS.woff2                  16.78 kB
dist/assets/KaTeX_Main-Italic-NWA7e6Wa.woff2                      16.98 kB
dist/assets/KaTeX_Math-BoldItalic-iY-2wyZ7.woff                   18.66 kB
dist/assets/KaTeX_Math-Italic-DA0__PXp.woff                       18.74 kB
dist/assets/KaTeX_Main-BoldItalic-SpSLRI95.woff                   19.41 kB
dist/assets/KaTeX_SansSerif-Regular-BNo7hRIc.ttf                  19.43 kB
dist/assets/KaTeX_Fraktur-Regular-CB_wures.ttf                    19.57 kB
dist/assets/KaTeX_Fraktur-Bold-BdnERNNW.ttf                       19.58 kB
dist/assets/KaTeX_Main-Italic-BMLOBm91.woff                       19.67 kB
dist/assets/KaTeX_SansSerif-Italic-YYjJ1zSn.ttf                   22.36 kB
dist/assets/KaTeX_SansSerif-Bold-CFMepnvq.ttf                     24.50 kB
dist/assets/KaTeX_Main-Bold-Cx986IdX.woff2                        25.32 kB
dist/assets/KaTeX_Main-Regular-B22Nviop.woff2                     26.27 kB
dist/assets/KaTeX_Typewriter-Regular-D3Ib7_Hf.ttf                 27.55 kB
dist/assets/KaTeX_AMS-Regular-BQhdFMY1.woff2                      28.07 kB
dist/assets/KaTeX_Main-Bold-Jm3AIy58.woff                         29.91 kB
dist/assets/KaTeX_Main-Regular-Dr94JaBh.woff                      30.77 kB
dist/assets/KaTeX_Math-BoldItalic-B3XSjfu4.ttf                    31.19 kB
dist/assets/KaTeX_Math-Italic-flOr_0UB.ttf                        31.30 kB
dist/assets/KaTeX_Main-BoldItalic-DzxPMmG6.ttf                    32.96 kB
dist/assets/KaTeX_AMS-Regular-DMm9YOAa.woff                       33.51 kB
dist/assets/KaTeX_Main-Italic-3WenGoN9.ttf                        33.58 kB
dist/assets/liu-kanshan-idle-B5Z2JhLo.glb                         44.60 kB
dist/assets/KaTeX_Main-Bold-waoOVXN0.ttf                          51.33 kB
dist/assets/KaTeX_Main-Regular-ypZvNtVU.ttf                       53.58 kB
dist/assets/KaTeX_AMS-Regular-DRggAlZN.ttf                        63.63 kB
dist/assets/liu-kanshan-run-stop-CQPEaHMb.glb                    203.96 kB
dist/assets/liu-kanshan-turn-BWWRKy2h.glb                        203.98 kB
dist/assets/liu-kanshan-run-DwvBkp1j.glb                         908.90 kB
dist/assets/path-3d-stage-DMz66pq-.css                             0.38 kB │ gzip:   0.23 kB
dist/assets/SourceComments-DE0tQBYn.css                            0.64 kB │ gzip:   0.32 kB
dist/assets/PeakTabs-CTdb15o5.css                                  0.93 kB │ gzip:   0.47 kB
dist/assets/ProcessTrace-Bdg9mqJL.css                              2.34 kB │ gzip:   0.94 kB
dist/assets/Composer-D7J2Fqwb.css                                  2.43 kB │ gzip:   0.79 kB
dist/assets/MarkdownMath-D1_WV5zr.css                              2.64 kB │ gzip:   0.91 kB
dist/assets/EmptyStatus-Cxpf4Qzg.css                               2.91 kB │ gzip:   0.87 kB
dist/assets/Coverflow-GMkIEiOW.css                                 4.36 kB │ gzip:   1.37 kB
dist/assets/AuthLanding-CcoA3bOc.css                               8.13 kB │ gzip:   2.33 kB
dist/assets/Home-CpuenQLK.css                                      9.55 kB │ gzip:   2.30 kB
dist/assets/Collections-5aQezz7s.css                              14.25 kB │ gzip:   3.69 kB
dist/assets/Authors-BUWNQLY7.css                                  40.63 kB │ gzip:   7.49 kB
dist/assets/ExampleWorkspace-CIf8gqPe.css                         51.25 kB │ gzip:   9.33 kB
dist/assets/main-DPk8b3J2.css                                    110.51 kB │ gzip:  23.87 kB
dist/assets/prepareLearningPathCharacter-CoxBgT1d-B63OPESP.js      0.39 kB │ gzip:   0.27 kB
dist/assets/PeakTabs-BEqJZqn1.js                                   0.53 kB │ gzip:   0.37 kB
dist/assets/NotFound-ZIPhhU_h.js                                   0.68 kB │ gzip:   0.48 kB
dist/assets/learning-thinking-DOauC2c8.js                          0.68 kB │ gzip:   0.27 kB
dist/assets/EmptyStatus-bX1-st5N.js                                0.87 kB │ gzip:   0.47 kB
dist/assets/Session-BLwEbgLJ.js                                    0.89 kB │ gzip:   0.52 kB
dist/assets/covers-CVd87OMq.js                                     3.00 kB │ gzip:   1.43 kB
dist/assets/ProcessTrace-C3nnE9gE.js                               3.01 kB │ gzip:   1.27 kB
dist/assets/launch-CCnFvsWb.js                                     3.35 kB │ gzip:   1.49 kB
dist/assets/Settings-5v9qKCXS.js                                   3.75 kB │ gzip:   1.62 kB
dist/assets/SourceComments-BRxhOjhf.js                             4.04 kB │ gzip:   2.01 kB
dist/assets/atoms-DVqNA14r.js                                      5.28 kB │ gzip:   1.87 kB
dist/assets/AuthLanding-CEVQEnpu.js                                6.46 kB │ gzip:   2.90 kB
dist/assets/Composer-B1I73e6W.js                                   6.60 kB │ gzip:   2.86 kB
dist/assets/workspace-session-DIwX08CY.js                          8.72 kB │ gzip:   3.35 kB
dist/assets/Chat-Bzuae8q1.js                                      17.33 kB │ gzip:   6.22 kB
dist/assets/Collections-V2jW7TaB.js                               29.20 kB │ gzip:   9.90 kB
dist/assets/Authors-DqM9WHwK.js                                   65.21 kB │ gzip:  22.44 kB
dist/assets/ExampleWorkspace-DasezOe5.js                          70.55 kB │ gzip:  22.77 kB
dist/assets/Coverflow-B-fHY1jQ.js                                135.22 kB │ gzip:  44.68 kB
dist/assets/Home-CySgRArl.js                                     156.97 kB │ gzip:  55.52 kB
dist/assets/LearningPathSession-CnZDbDYR-Ch6NSGEh.js             254.17 kB │ gzip:  66.72 kB
dist/assets/path-3d-stage-D9464QPg.js                            364.57 kB │ gzip:  89.99 kB
dist/assets/MarkdownMath-DWRwNA3k.js                             444.59 kB │ gzip: 135.38 kB
dist/assets/shelf-scene-D3Rceswi.js                              534.35 kB │ gzip: 135.28 kB
dist/assets/CharacterRig-CH9rqunS-DaAfz0Ad.js                    704.11 kB │ gzip: 181.73 kB
dist/assets/main-DdTCDQef.js                                   2,326.94 kB │ gzip: 670.01 kB

✓ built in 310ms
[plugin builtin:vite-reporter]
(!) Some chunks are larger than 500 kB after minification. Consider:
- Using dynamic import() to code-split the application
- Use build.rolldownOptions.output.codeSplitting to improve chunking: https://rolldown.rs/reference/OutputOptions.codeSplitting
- Adjust chunk size limit for this warning via build.chunkSizeWarningLimit.
