
> threadpeak-ux-ui@2.0.0 test:postgres
> node --test server/durable/postgres.gate.mjs

file:///Users/wxm/project/FullStack/%E5%AD%A6%E4%B9%A0%E7%90%86%E5%BF%B5/%E7%9F%A5%E4%B9%8E%E9%A1%B9%E7%9B%AE/threadpeak/threadpeak/server/durable/postgres.gate.mjs:8
if(!url||new URL(url).pathname!=='/threadpeak_test')throw new Error('An isolated threadpeak_test database is required')
                                                          ^

Error: An isolated threadpeak_test database is required
    at file:///Users/wxm/project/FullStack/%E5%AD%A6%E4%B9%A0%E7%90%86%E5%BF%B5/%E7%9F%A5%E4%B9%8E%E9%A1%B9%E7%9B%AE/threadpeak/threadpeak/server/durable/postgres.gate.mjs:8:59
    at ModuleJob.run (node:internal/modules/esm/module_job:430:25)
    at async onImport.tracePromise.__proto__ (node:internal/modules/esm/loader:655:26)
    at async asyncRunEntryPointWithESMLoader (node:internal/modules/run_main:101:5)

Node.js v25.5.0
✖ server/durable/postgres.gate.mjs (236.060625ms)
ℹ tests 1
ℹ suites 0
ℹ pass 0
ℹ fail 1
ℹ cancelled 0
ℹ skipped 0
ℹ todo 0
ℹ duration_ms 240.903042

✖ failing tests:

test at server/durable/postgres.gate.mjs:1:1
✖ server/durable/postgres.gate.mjs (236.060625ms)
  'test failed'
