[
  {
    "width": 1440,
    "theme": "light",
    "font": [
      {
        "familyName": "ThreadPeak Rounded",
        "postScriptName": "ThreadPeakRounded",
        "isCustomFont": true,
        "glyphCount": 4
      }
    ],
    "a11y": {
      "violations": [],
      "incomplete": [
        "color-contrast"
      ]
    }
  },
  {
    "width": 390,
    "theme": "light",
    "font": [
      {
        "familyName": "ThreadPeak Rounded",
        "postScriptName": "ThreadPeakRounded",
        "isCustomFont": true,
        "glyphCount": 4
      }
    ],
    "a11y": {
      "violations": [],
      "incomplete": [
        "color-contrast"
      ]
    }
  },
  {
    "width": 320,
    "theme": "light",
    "font": [
      {
        "familyName": "ThreadPeak Rounded",
        "postScriptName": "ThreadPeakRounded",
        "isCustomFont": true,
        "glyphCount": 4
      }
    ],
    "a11y": {
      "violations": [],
      "incomplete": [
        "color-contrast"
      ]
    }
  },
  {
    "width": 1440,
    "theme": "dark",
    "font": [
      {
        "familyName": "ThreadPeak Rounded",
        "postScriptName": "ThreadPeakRounded",
        "isCustomFont": true,
        "glyphCount": 4
      }
    ],
    "a11y": {
      "violations": [],
      "incomplete": [
        "color-contrast"
      ]
    }
  }
]
